[ashobiz.asia/boot-extended12/ui/ui-172.html]
[backblue.gif]
[fade.gif]
[index.html]
[ashobiz.asia/boot-extended12/ui/js/jquery.js]
[ashobiz.asia/boot-extended12/ui/js/bootstrap.min.js]
[ashobiz.asia/boot-extended12/ui/js/jquery-ui.min.js]
[ashobiz.asia/boot-extended12/ui/js/placeholder.js]
[ashobiz.asia/boot-extended12/ui/js/respond.min.js]
[ashobiz.asia/boot-extended12/ui/js/html5shiv.js]
[ashobiz.asia/boot-extended12/ui/ui-172.html]
[ashobiz.asia/boot-extended12/ui/css/bootstrap.min.css]
[ashobiz.asia/boot-extended12/ui/fonts/fontawesome-webfonte0a5.eot]
[ashobiz.asia/boot-extended12/ui/fonts/fontawesome-webfontd41d.eot]
[ashobiz.asia/boot-extended12/ui/fonts/fontawesome-webfonte0a5.woff2]
[ashobiz.asia/boot-extended12/ui/fonts/fontawesome-webfonte0a5.woff]
[ashobiz.asia/boot-extended12/ui/fonts/fontawesome-webfonte0a5.ttf]
[ashobiz.asia/boot-extended12/ui/css/font-awesome.min.css]
[ashobiz.asia/boot-extended12/ui/css/images/ui-bg_highlight-soft_100_eeeeee_1x100.11.delayed]
[ashobiz.asia/boot-extended12/ui/css/images/ui-bg_gloss-wave_35_f6a828_500x100.png]
[ashobiz.asia/boot-extended12/ui/css/images/ui-bg_glass_100_f6f6f6_1x400.png]
[ashobiz.asia/boot-extended12/ui/css/images/ui-bg_glass_100_fdf5ce_1x400.png]
[ashobiz.asia/boot-extended12/ui/css/images/ui-bg_glass_65_ffffff_1x400.png]
[ashobiz.asia/boot-extended12/ui/css/images/ui-bg_highlight-soft_75_ffe45c_1x100.png]
[ashobiz.asia/boot-extended12/ui/css/images/ui-bg_diagonals-thick_18_b81900_40x40.png]
[ashobiz.asia/boot-extended12/ui/css/images/ui-icons_222222_256x240.png]
[ashobiz.asia/boot-extended12/ui/css/images/ui-icons_ffffff_256x240.png]
[ashobiz.asia/boot-extended12/ui/css/images/ui-icons_ef8c08_256x240.png]
[ashobiz.asia/boot-extended12/ui/css/images/ui-icons_228ef1_256x240.png]
[ashobiz.asia/boot-extended12/ui/css/images/ui-icons_ffd27a_256x240.png]
[ashobiz.asia/boot-extended12/ui/css/images/ui-bg_diagonals-thick_20_666666_40x40.png]
[ashobiz.asia/boot-extended12/ui/css/images/ui-bg_flat_10_000000_40x100.png]
[ashobiz.asia/boot-extended12/ui/css/jquery-ui.min.css]
[ashobiz.asia/boot-extended12/ui/css/style-172.css]
[ashobiz.asia/boot-extended12/ui/fonts/fontawesome-webfonte0a5.svg]
[ashobiz.asia/boot-extended12/ui/css/images/ui-bg_highlight-soft_100_eeeeee_1x100.html]
[ashobiz.asia/boot-extended12/ui/css/images/ui-bg_gloss-wave_35_f6a828_500x100.html]
[ashobiz.asia/boot-extended12/ui/css/images/ui-bg_glass_100_f6f6f6_1x400.html]
[ashobiz.asia/boot-extended12/ui/css/images/ui-bg_glass_100_fdf5ce_1x400.html]
[ashobiz.asia/boot-extended12/ui/css/images/ui-bg_glass_65_ffffff_1x400.html]
[ashobiz.asia/boot-extended12/ui/css/images/ui-bg_highlight-soft_75_ffe45c_1x100.html]
[ashobiz.asia/boot-extended12/ui/css/images/ui-bg_diagonals-thick_18_b81900_40x40.html]
[ashobiz.asia/boot-extended12/ui/css/images/ui-icons_222222_256x240.html]
[ashobiz.asia/boot-extended12/ui/css/images/ui-icons_ffffff_256x240.html]
[ashobiz.asia/boot-extended12/ui/css/images/ui-icons_ef8c08_256x240.html]
[ashobiz.asia/boot-extended12/ui/css/images/ui-icons_228ef1_256x240.html]
[ashobiz.asia/boot-extended12/ui/css/images/ui-icons_ffd27a_256x240.html]
[ashobiz.asia/boot-extended12/ui/css/images/ui-bg_diagonals-thick_20_666666_40x40.html]
[ashobiz.asia/boot-extended12/ui/css/images/ui-bg_flat_10_000000_40x100.html]
