[ashobiz.asia/boot-extended12/ui/ui-270.html]
[backblue.gif]
[fade.gif]
[index.html]
[ashobiz.asia/boot-extended12/ui/img/ui-270/1.jpg]
[ashobiz.asia/boot-extended12/ui/img/ui-270/2.jpg]
[ashobiz.asia/boot-extended12/ui/img/ui-270/3.jpg]
[ashobiz.asia/boot-extended12/ui/img/ui-270/4.jpg]
[ashobiz.asia/boot-extended12/ui/img/ui-270/5.jpg]
[ashobiz.asia/boot-extended12/ui/img/ui-270/6.jpg]
[ashobiz.asia/boot-extended12/ui/img/ui-270/7.jpg]
[ashobiz.asia/boot-extended12/ui/img/ui-270/8.jpg]
[ashobiz.asia/boot-extended12/ui/img/ui-270/9.jpg]
[ashobiz.asia/boot-extended12/ui/img/ui-270/10.jpg]
[ashobiz.asia/boot-extended12/ui/img/ui-270/tn1.jpg]
[ashobiz.asia/boot-extended12/ui/img/ui-270/tn2.jpg]
[ashobiz.asia/boot-extended12/ui/img/ui-270/tn3.jpg]
[ashobiz.asia/boot-extended12/ui/img/ui-270/tn4.jpg]
[ashobiz.asia/boot-extended12/ui/img/ui-270/tn5.jpg]
[ashobiz.asia/boot-extended12/ui/img/ui-270/tn6.jpg]
[ashobiz.asia/boot-extended12/ui/img/ui-270/tn7.jpg]
[ashobiz.asia/boot-extended12/ui/img/ui-270/tn8.jpg]
[ashobiz.asia/boot-extended12/ui/img/ui-270/tn9.jpg]
[ashobiz.asia/boot-extended12/ui/img/ui-270/tn10.jpg]
[ashobiz.asia/boot-extended12/ui/js/jquery.js]
[ashobiz.asia/boot-extended12/ui/js/bootstrap.min.js]
[ashobiz.asia/boot-extended12/ui/js/owl.carousel.min.js]
[ashobiz.asia/boot-extended12/ui/js/placeholder.js]
[ashobiz.asia/boot-extended12/ui/js/respond.min.js]
[ashobiz.asia/boot-extended12/ui/js/html5shiv.js]
[ashobiz.asia/boot-extended12/ui/ui-270.html]
[ashobiz.asia/boot-extended12/ui/css/bootstrap.min.css]
[ashobiz.asia/boot-extended12/ui/fonts/fontawesome-webfonte0a5.eot]
[ashobiz.asia/boot-extended12/ui/fonts/fontawesome-webfontd41d.eot]
[ashobiz.asia/boot-extended12/ui/fonts/fontawesome-webfonte0a5.woff2]
[ashobiz.asia/boot-extended12/ui/fonts/fontawesome-webfonte0a5.woff]
[ashobiz.asia/boot-extended12/ui/fonts/fontawesome-webfonte0a5.ttf]
[ashobiz.asia/boot-extended12/ui/css/font-awesome.min.css]
[ashobiz.asia/boot-extended12/ui/css/grabbing.25.delayed]
[ashobiz.asia/boot-extended12/ui/css/owl.carousel.css]
[ashobiz.asia/boot-extended12/ui/img/ui-270/raster.png]
[ashobiz.asia/boot-extended12/ui/img/ui-270/bg.png]
[ashobiz.asia/boot-extended12/ui/css/style-270.css]
[ashobiz.asia/boot-extended12/ui/fonts/fontawesome-webfonte0a5.svg]
[ashobiz.asia/boot-extended12/ui/css/grabbing.html]
