[ashobiz.asia/boot-extended11/demo/index.html]
[backblue.gif]
[fade.gif]
[index.html]
[ashobiz.asia/boot-extended11/demo/index-2.html]
[ashobiz.asia/boot-extended11/demo/ui/20.png]
[ashobiz.asia/boot-extended11/demo/ui/59.png]
[ashobiz.asia/boot-extended11/demo/ui/61.png]
[ashobiz.asia/boot-extended11/demo/ui/72.png]
[ashobiz.asia/boot-extended11/demo/ui/79.png]
[ashobiz.asia/boot-extended11/demo/ui/142.png]
[ashobiz.asia/boot-extended11/demo/ui/149.png]
[ashobiz.asia/boot-extended11/demo/ui/150.png]
[ashobiz.asia/boot-extended11/demo/ui/165.png]
[ashobiz.asia/boot-extended11/demo/ui/178.png]
[ashobiz.asia/boot-extended11/demo/ui/186.png]
[ashobiz.asia/boot-extended11/demo/ui/194.png]
[ashobiz.asia/boot-extended11/demo/ui/220.png]
[ashobiz.asia/boot-extended11/demo/ui/223.png]
[ashobiz.asia/boot-extended11/demo/ui/234.png]
[ashobiz.asia/boot-extended11/demo/ui/236.png]
[ashobiz.asia/boot-extended11/demo/ui/240.png]
[ashobiz.asia/boot-extended11/demo/ui/243.png]
[ashobiz.asia/boot-extended11/demo/ui/242.png]
[ashobiz.asia/boot-extended11/demo/ui/247.png]
[ashobiz.asia/boot-extended11/demo/ui/248.png]
[ashobiz.asia/boot-extended11/demo/ui/250.png]
[ashobiz.asia/boot-extended11/demo/ui/7.png]
[ashobiz.asia/boot-extended11/demo/ui/11.png]
[ashobiz.asia/boot-extended11/demo/ui/3.png]
[ashobiz.asia/boot-extended11/demo/ui/13.png]
[ashobiz.asia/boot-extended11/demo/ui/14.png]
[ashobiz.asia/boot-extended11/demo/ui/6.png]
[ashobiz.asia/boot-extended11/demo/ui/30.png]
[ashobiz.asia/boot-extended11/demo/ui/8.png]
[ashobiz.asia/boot-extended11/demo/ui/9.png]
[ashobiz.asia/boot-extended11/demo/ui/17.png]
[ashobiz.asia/boot-extended11/demo/ui/2.png]
[ashobiz.asia/boot-extended11/demo/ui/12.png]
[ashobiz.asia/boot-extended11/demo/ui/4.png]
[ashobiz.asia/boot-extended11/demo/ui/5.png]
[ashobiz.asia/boot-extended11/demo/ui/15.png]
[ashobiz.asia/boot-extended11/demo/ui/16.png]
[ashobiz.asia/boot-extended11/demo/ui/10.png]
[ashobiz.asia/boot-extended11/demo/ui/18.png]
[ashobiz.asia/boot-extended11/demo/ui/19.png]
[ashobiz.asia/boot-extended11/demo/ui/21.png]
[ashobiz.asia/boot-extended11/demo/ui/22.png]
[ashobiz.asia/boot-extended11/demo/ui/23.png]
[ashobiz.asia/boot-extended11/demo/ui/24.png]
[ashobiz.asia/boot-extended11/demo/ui/25.png]
[ashobiz.asia/boot-extended11/demo/ui/26.png]
[ashobiz.asia/boot-extended11/demo/ui/27.png]
[ashobiz.asia/boot-extended11/demo/ui/28.png]
[ashobiz.asia/boot-extended11/demo/ui/29.png]
[ashobiz.asia/boot-extended11/demo/ui/1.png]
[ashobiz.asia/boot-extended11/demo/ui/31.png]
[ashobiz.asia/boot-extended11/demo/ui/32.png]
[ashobiz.asia/boot-extended11/demo/ui/33.png]
[ashobiz.asia/boot-extended11/demo/ui/34.png]
[ashobiz.asia/boot-extended11/demo/ui/35.png]
[ashobiz.asia/boot-extended11/demo/ui/36.png]
[ashobiz.asia/boot-extended11/demo/ui/37.png]
[ashobiz.asia/boot-extended11/demo/ui/38.png]
[ashobiz.asia/boot-extended11/demo/ui/39.png]
[ashobiz.asia/boot-extended11/demo/ui/40.png]
[ashobiz.asia/boot-extended11/demo/ui/41.png]
[ashobiz.asia/boot-extended11/demo/ui/42.png]
[ashobiz.asia/boot-extended11/demo/ui/43.png]
[ashobiz.asia/boot-extended11/demo/ui/44.png]
[ashobiz.asia/boot-extended11/demo/ui/45.png]
[ashobiz.asia/boot-extended11/demo/ui/46.png]
[ashobiz.asia/boot-extended11/demo/ui/47.png]
[ashobiz.asia/boot-extended11/demo/ui/48.png]
[ashobiz.asia/boot-extended11/demo/ui/49.png]
[ashobiz.asia/boot-extended11/demo/ui/50.png]
[ashobiz.asia/boot-extended11/demo/ui/51.png]
[ashobiz.asia/boot-extended11/demo/ui/52.png]
[ashobiz.asia/boot-extended11/demo/ui/53.png]
[ashobiz.asia/boot-extended11/demo/ui/54.png]
[ashobiz.asia/boot-extended11/demo/ui/55.png]
[ashobiz.asia/boot-extended11/demo/ui/56.png]
[ashobiz.asia/boot-extended11/demo/ui/57.png]
[ashobiz.asia/boot-extended11/demo/ui/58.png]
[ashobiz.asia/boot-extended11/demo/ui/60.png]
[ashobiz.asia/boot-extended11/demo/ui/62.png]
[ashobiz.asia/boot-extended11/demo/ui/63.png]
[ashobiz.asia/boot-extended11/demo/ui/64.png]
[ashobiz.asia/boot-extended11/demo/ui/65.png]
[ashobiz.asia/boot-extended11/demo/ui/66.png]
[ashobiz.asia/boot-extended11/demo/ui/67.png]
[ashobiz.asia/boot-extended11/demo/ui/68.png]
[ashobiz.asia/boot-extended11/demo/ui/69.png]
[ashobiz.asia/boot-extended11/demo/ui/70.png]
[ashobiz.asia/boot-extended11/demo/ui/71.png]
[ashobiz.asia/boot-extended11/demo/ui/73.png]
[ashobiz.asia/boot-extended11/demo/ui/74.png]
[ashobiz.asia/boot-extended11/demo/ui/75.png]
[ashobiz.asia/boot-extended11/demo/ui/76.png]
[ashobiz.asia/boot-extended11/demo/ui/77.png]
[ashobiz.asia/boot-extended11/demo/ui/78.png]
[ashobiz.asia/boot-extended11/demo/ui/80.png]
[ashobiz.asia/boot-extended11/demo/ui/81.png]
[ashobiz.asia/boot-extended11/demo/ui/82.png]
[ashobiz.asia/boot-extended11/demo/ui/83.png]
[ashobiz.asia/boot-extended11/demo/ui/84.png]
[ashobiz.asia/boot-extended11/demo/ui/85.png]
[ashobiz.asia/boot-extended11/demo/ui/86.png]
[ashobiz.asia/boot-extended11/demo/ui/87.png]
[ashobiz.asia/boot-extended11/demo/ui/88.png]
[ashobiz.asia/boot-extended11/demo/ui/89.png]
[ashobiz.asia/boot-extended11/demo/ui/90.png]
[ashobiz.asia/boot-extended11/demo/ui/91.png]
[ashobiz.asia/boot-extended11/demo/ui/92.png]
[ashobiz.asia/boot-extended11/demo/ui/93.png]
[ashobiz.asia/boot-extended11/demo/ui/94.png]
[ashobiz.asia/boot-extended11/demo/ui/95.png]
[ashobiz.asia/boot-extended11/demo/ui/96.png]
[ashobiz.asia/boot-extended11/demo/ui/97.png]
[ashobiz.asia/boot-extended11/demo/ui/98.png]
[ashobiz.asia/boot-extended11/demo/ui/99.png]
[ashobiz.asia/boot-extended11/demo/ui/100.png]
[ashobiz.asia/boot-extended11/demo/ui/101.png]
[ashobiz.asia/boot-extended11/demo/ui/102.png]
[ashobiz.asia/boot-extended11/demo/ui/103.png]
[ashobiz.asia/boot-extended11/demo/ui/104.png]
[ashobiz.asia/boot-extended11/demo/ui/105.png]
[ashobiz.asia/boot-extended11/demo/ui/106.png]
[ashobiz.asia/boot-extended11/demo/ui/107.png]
[ashobiz.asia/boot-extended11/demo/ui/108.png]
[ashobiz.asia/boot-extended11/demo/ui/109.png]
[ashobiz.asia/boot-extended11/demo/ui/110.png]
[ashobiz.asia/boot-extended11/demo/ui/111.png]
[ashobiz.asia/boot-extended11/demo/ui/112.png]
[ashobiz.asia/boot-extended11/demo/ui/113.png]
[ashobiz.asia/boot-extended11/demo/ui/114.png]
[ashobiz.asia/boot-extended11/demo/ui/115.png]
[ashobiz.asia/boot-extended11/demo/ui/116.png]
[ashobiz.asia/boot-extended11/demo/ui/117.png]
[ashobiz.asia/boot-extended11/demo/ui/118.png]
[ashobiz.asia/boot-extended11/demo/ui/119.png]
[ashobiz.asia/boot-extended11/demo/ui/120.png]
[ashobiz.asia/boot-extended11/demo/ui/121.png]
[ashobiz.asia/boot-extended11/demo/ui/122.png]
[ashobiz.asia/boot-extended11/demo/ui/123.png]
[ashobiz.asia/boot-extended11/demo/ui/124.png]
[ashobiz.asia/boot-extended11/demo/ui/125.png]
[ashobiz.asia/boot-extended11/demo/ui/126.png]
[ashobiz.asia/boot-extended11/demo/ui/127.png]
[ashobiz.asia/boot-extended11/demo/ui/128.png]
[ashobiz.asia/boot-extended11/demo/ui/129.png]
[ashobiz.asia/boot-extended11/demo/ui/130.png]
[ashobiz.asia/boot-extended11/demo/ui/131.png]
[ashobiz.asia/boot-extended11/demo/ui/132.png]
[ashobiz.asia/boot-extended11/demo/ui/133.png]
[ashobiz.asia/boot-extended11/demo/ui/134.png]
[ashobiz.asia/boot-extended11/demo/ui/135.png]
[ashobiz.asia/boot-extended11/demo/ui/136.png]
[ashobiz.asia/boot-extended11/demo/ui/137.png]
[ashobiz.asia/boot-extended11/demo/ui/138.png]
[ashobiz.asia/boot-extended11/demo/ui/139.png]
[ashobiz.asia/boot-extended11/demo/ui/140.png]
[ashobiz.asia/boot-extended11/demo/ui/141.png]
[ashobiz.asia/boot-extended11/demo/ui/143.png]
[ashobiz.asia/boot-extended11/demo/ui/144.png]
[ashobiz.asia/boot-extended11/demo/ui/145.png]
[ashobiz.asia/boot-extended11/demo/ui/146.png]
[ashobiz.asia/boot-extended11/demo/ui/147.png]
[ashobiz.asia/boot-extended11/demo/ui/148.png]
[ashobiz.asia/boot-extended11/demo/ui/151.png]
[ashobiz.asia/boot-extended11/demo/ui/152.png]
[ashobiz.asia/boot-extended11/demo/ui/153.png]
[ashobiz.asia/boot-extended11/demo/ui/154.png]
[ashobiz.asia/boot-extended11/demo/ui/155.png]
[ashobiz.asia/boot-extended11/demo/ui/156.png]
[ashobiz.asia/boot-extended11/demo/ui/157.png]
[ashobiz.asia/boot-extended11/demo/ui/158.png]
[ashobiz.asia/boot-extended11/demo/ui/159.png]
[ashobiz.asia/boot-extended11/demo/ui/160.png]
[ashobiz.asia/boot-extended11/demo/ui/161.png]
[ashobiz.asia/boot-extended11/demo/ui/162.png]
[ashobiz.asia/boot-extended11/demo/ui/163.png]
[ashobiz.asia/boot-extended11/demo/ui/164.png]
[ashobiz.asia/boot-extended11/demo/ui/166.png]
[ashobiz.asia/boot-extended11/demo/ui/167.png]
[ashobiz.asia/boot-extended11/demo/ui/168.png]
[ashobiz.asia/boot-extended11/demo/ui/169.png]
[ashobiz.asia/boot-extended11/demo/ui/170.png]
[ashobiz.asia/boot-extended11/demo/ui/171.png]
[ashobiz.asia/boot-extended11/demo/ui/172.png]
[ashobiz.asia/boot-extended11/demo/ui/173.png]
[ashobiz.asia/boot-extended11/demo/ui/174.png]
[ashobiz.asia/boot-extended11/demo/ui/175.png]
[ashobiz.asia/boot-extended11/demo/ui/176.png]
[ashobiz.asia/boot-extended11/demo/ui/177.png]
[ashobiz.asia/boot-extended11/demo/ui/179.png]
[ashobiz.asia/boot-extended11/demo/ui/180.png]
[ashobiz.asia/boot-extended11/demo/ui/181.png]
[ashobiz.asia/boot-extended11/demo/ui/182.png]
[ashobiz.asia/boot-extended11/demo/ui/183.png]
[ashobiz.asia/boot-extended11/demo/ui/184.png]
[ashobiz.asia/boot-extended11/demo/ui/185.png]
[ashobiz.asia/boot-extended11/demo/ui/187.png]
[ashobiz.asia/boot-extended11/demo/ui/188.png]
[ashobiz.asia/boot-extended11/demo/ui/189.png]
[ashobiz.asia/boot-extended11/demo/ui/190.png]
[ashobiz.asia/boot-extended11/demo/ui/191.png]
[ashobiz.asia/boot-extended11/demo/ui/192.png]
[ashobiz.asia/boot-extended11/demo/ui/193.png]
[ashobiz.asia/boot-extended11/demo/ui/195.png]
[ashobiz.asia/boot-extended11/demo/ui/196.png]
[ashobiz.asia/boot-extended11/demo/ui/197.png]
[ashobiz.asia/boot-extended11/demo/ui/198.png]
[ashobiz.asia/boot-extended11/demo/ui/199.png]
[ashobiz.asia/boot-extended11/demo/ui/200.png]
[ashobiz.asia/boot-extended11/demo/ui/201.png]
[ashobiz.asia/boot-extended11/demo/ui/202.png]
[ashobiz.asia/boot-extended11/demo/ui/203.png]
[ashobiz.asia/boot-extended11/demo/ui/204.png]
[ashobiz.asia/boot-extended11/demo/ui/205.png]
[ashobiz.asia/boot-extended11/demo/ui/206.png]
[ashobiz.asia/boot-extended11/demo/ui/207.png]
[ashobiz.asia/boot-extended11/demo/ui/208.png]
[ashobiz.asia/boot-extended11/demo/ui/209.png]
[ashobiz.asia/boot-extended11/demo/ui/210.png]
[ashobiz.asia/boot-extended11/demo/ui/211.png]
[ashobiz.asia/boot-extended11/demo/ui/212.png]
[ashobiz.asia/boot-extended11/demo/ui/213.png]
[ashobiz.asia/boot-extended11/demo/ui/214.png]
[ashobiz.asia/boot-extended11/demo/ui/215.png]
[ashobiz.asia/boot-extended11/demo/ui/216.png]
[ashobiz.asia/boot-extended11/demo/ui/217.png]
[ashobiz.asia/boot-extended11/demo/ui/218.png]
[ashobiz.asia/boot-extended11/demo/ui/219.png]
[ashobiz.asia/boot-extended11/demo/ui/221.png]
[ashobiz.asia/boot-extended11/demo/ui/222.png]
[ashobiz.asia/boot-extended11/demo/ui/224.png]
[ashobiz.asia/boot-extended11/demo/ui/225.png]
[ashobiz.asia/boot-extended11/demo/ui/226.png]
[ashobiz.asia/boot-extended11/demo/ui/227.png]
[ashobiz.asia/boot-extended11/demo/ui/228.png]
[ashobiz.asia/boot-extended11/demo/ui/229.png]
[ashobiz.asia/boot-extended11/demo/ui/230.png]
[ashobiz.asia/boot-extended11/demo/ui/231.png]
[ashobiz.asia/boot-extended11/demo/ui/232.png]
[ashobiz.asia/boot-extended11/demo/ui/233.png]
[ashobiz.asia/boot-extended11/demo/ui/235.png]
[ashobiz.asia/boot-extended11/demo/ui/237.png]
[ashobiz.asia/boot-extended11/demo/ui/238.png]
[ashobiz.asia/boot-extended11/demo/ui/239.png]
[ashobiz.asia/boot-extended11/demo/ui/241.png]
[ashobiz.asia/boot-extended11/demo/ui/244.png]
[ashobiz.asia/boot-extended11/demo/ui/245.png]
[ashobiz.asia/boot-extended11/demo/ui/246.png]
[ashobiz.asia/boot-extended11/demo/ui/249.png]
[ashobiz.asia/boot-extended11/demo/ui/251.png]
[ashobiz.asia/boot-extended11/demo/ui/252.png]
[ashobiz.asia/boot-extended11/demo/ui/253.png]
[ashobiz.asia/boot-extended11/demo/ui/254.png]
[ashobiz.asia/boot-extended11/demo/ui/255.png]
[ashobiz.asia/boot-extended11/demo/ui/256.png]
[ashobiz.asia/boot-extended11/demo/ui/257.png]
[ashobiz.asia/boot-extended11/demo/ui/258.png]
[ashobiz.asia/boot-extended11/demo/ui/259.png]
[ashobiz.asia/boot-extended11/demo/ui/260.png]
[ashobiz.asia/boot-extended11/demo/ui/261.png]
[ashobiz.asia/boot-extended11/demo/ui/262.png]
[ashobiz.asia/boot-extended11/demo/ui/263.png]
[ashobiz.asia/boot-extended11/demo/ui/264.png]
[ashobiz.asia/boot-extended11/demo/ui/265.png]
[ashobiz.asia/boot-extended11/demo/ui/266.png]
[ashobiz.asia/boot-extended11/demo/ui/267.png]
[ashobiz.asia/boot-extended11/demo/ui/268.png]
[ashobiz.asia/boot-extended11/demo/ui/269.png]
[ashobiz.asia/boot-extended11/demo/ui/270.png]
[ashobiz.asia/boot-extended11/demo/ui/271.png]
[ashobiz.asia/boot-extended11/demo/ui/272.png]
[ashobiz.asia/boot-extended11/demo/ui/273.png]
[ashobiz.asia/boot-extended11/demo/ui/274.png]
[ashobiz.asia/boot-extended11/demo/ui/275.png]
[ashobiz.asia/boot-extended11/demo/ui/276.png]
[ashobiz.asia/boot-extended11/demo/ui/277.png]
[ashobiz.asia/boot-extended11/demo/ui/278.png]
[ashobiz.asia/boot-extended11/demo/ui/279.png]
[ashobiz.asia/boot-extended11/demo/ui/280.png]
[ashobiz.asia/boot-extended11/demo/js/jquery.js]
[ashobiz.asia/boot-extended11/demo/js/bootstrap.min.js]
[ashobiz.asia/boot-extended11/demo/js/respond.min.js]
[ashobiz.asia/boot-extended11/demo/js/html5shiv.js]
[ashobiz.asia/boot-extended11/demo/js/custom.js]
[ashobiz.asia/boot-extended11/demo/index.html]
[ashobiz.asia/boot-extended11/demo/css/bootstrap.min.css]
[ashobiz.asia/boot-extended11/demo/fonts/fontawesome-webfonte0a5.eot]
[ashobiz.asia/boot-extended11/demo/fonts/fontawesome-webfontd41d.eot]
[ashobiz.asia/boot-extended11/demo/fonts/fontawesome-webfonte0a5.woff2]
[ashobiz.asia/boot-extended11/demo/fonts/fontawesome-webfonte0a5.woff]
[ashobiz.asia/boot-extended11/demo/fonts/fontawesome-webfonte0a5.ttf]
[ashobiz.asia/boot-extended11/demo/css/font-awesome.min.css]
[ashobiz.asia/boot-extended11/demo/css/style.css]
[ashobiz.asia/boot-extended11/demo/index-2.html]
[ashobiz.asia/boot-extended11/demo/ui/173.png]
[ashobiz.asia/boot-extended11/demo/js/custom.html]
[ashobiz.asia/boot-extended11/demo/fonts/fontawesome-webfonte0a5.svg]
